[t=   1.09s] [GCS] GCS: task UAV3 -> HOME
[t=   1.09s] [GCS] GCS: task UAV5 -> HOME
[t=   1.09s] [GCS] GCS: task UAV2 -> RELAY P1
[t=   1.09s] [GCS] GCS: task UAV4 -> SURVEY P1
[t=   1.09s] [GCS] GCS: task UAV1 -> SURVEY P2
[t=   1.22s] [OBSERVER] UAV1: launching for SURVEY P2
[t=   1.34s] [OBSERVER] UAV2: launching for RELAY P1
[t=   1.54s] [OBSERVER] UAV4: launching for SURVEY P1
[t=  60.03s] [OBSERVER] UAV3: battery swapped, ready
[t=  60.03s] [OBSERVER] UAV5: battery swapped, ready
[t=  60.48s] [GCS] GCS: task UAV3 -> RELAY P2
[t=  60.93s] [OBSERVER] UAV3: launching for RELAY P2
[t=  61.50s] [GCS] GCS: task UAV5 -> SURVEY P3
[t=  61.63s] [OBSERVER] UAV5: launching for SURVEY P3
[t=  61.82s] [OBSERVER] UAV4: surveyed P1
[t=  66.37s] [GCS] GCS: imagery for P1 complete from UAV4 (1 hop)
[t=  66.62s] [GCS] GCS: task UAV4 -> RELAY P3
[t=  66.62s] [GCS] GCS: task UAV2 -> SURVEY P4
[t=  69.70s] [OBSERVER] UAV1: surveyed P2
[t=  77.06s] [GCS] GCS: imagery for P2 complete from UAV1 (2 hops)
[t=  77.89s] [GCS] GCS: task UAV5 -> RELAY P3
[t=  77.89s] [GCS] GCS: task UAV3 -> RELAY P3
[t=  77.89s] [GCS] GCS: task UAV4 -> SURVEY P3
[t=  77.89s] [GCS] GCS: task UAV2 -> RELAY P4
[t=  77.89s] [GCS] GCS: task UAV1 -> SURVEY P4
[t= 113.79s] [OBSERVER] UAV4: surveyed P3
[t= 123.14s] [GCS] GCS: imagery for P3 complete from UAV4 (2 hops)
[t= 123.97s] [GCS] GCS: task UAV5 -> RELAY P4
[t= 123.97s] [GCS] GCS: task UAV3 -> RELAY P4
[t= 123.97s] [GCS] GCS: task UAV4 -> SURVEY P4
[t= 123.97s] [GCS] GCS: task UAV1 -> SURVEY P5
[t= 150.02s] [OBSERVER] UAV5: CRITICAL FAULT -> failsafe emergency landing, radio lost
[t= 150.02s] [OBSERVER] FAULT: UAV5 critical fault + radio loss (was relaying for 4 UAV(s))
[t= 152.51s] [GCS] GCS: UAV4 declared LOST (no heartbeat for 3s) -> replanning
[t= 152.58s] [GCS] GCS: UAV5 declared LOST (no heartbeat for 3s) -> replanning
[t= 152.58s] [GCS] GCS: task UAV1 -> RELAY P4
[t= 152.77s] [GCS] GCS: UAV1 declared LOST (no heartbeat for 3s) -> replanning
[t= 152.83s] [GCS] GCS: UAV2 declared LOST (no heartbeat for 3s) -> replanning
[t= 152.90s] [GCS] GCS: UAV3 declared LOST (no heartbeat for 3s) -> replanning
[t= 165.12s] [GCS] GCS: UAV3 link re-acquired after 15.2s
[t= 165.18s] [GCS] GCS: UAV2 link re-acquired after 15.3s
[t= 165.18s] [GCS] GCS: UAV4 link re-acquired after 15.7s
[t= 165.31s] [GCS] GCS: UAV1 link re-acquired after 15.5s
[t= 166.21s] [GCS] GCS: task UAV4 -> RELAY P4
[t= 166.21s] [GCS] GCS: task UAV1 -> SURVEY P4
[t= 186.69s] [OBSERVER] UAV5: emergency landing complete, powered down
[t= 212.42s] [OBSERVER] UAV1: surveyed P4
[t= 220.03s] [GCS] GCS: new HIGH-PRIORITY PoI H1 reported at (-600, 850)
[t= 220.48s] [GCS] GCS: task UAV3 -> RELAY H1
[t= 220.48s] [GCS] GCS: task UAV4 -> RELAY H1
[t= 220.48s] [GCS] GCS: task UAV2 -> RELAY H1
[t= 220.48s] [GCS] GCS: task UAV1 -> SURVEY H1
[t= 223.68s] [GCS] GCS: imagery for P4 complete from UAV1 (4 hops)
[t= 300.03s] [OBSERVER] FAULT: UAV1 radio outage for 45s
[t= 302.53s] [OBSERVER] UAV1: surveyed H1
[t= 302.78s] [GCS] GCS: UAV1 declared LOST (no heartbeat for 3s) -> replanning
[t= 302.85s] [OBSERVER] UAV1: carrying imagery back (data mule)
[t= 345.09s] [OBSERVER] UAV1 radio restored
[t= 345.66s] [GCS] GCS: UAV1 link re-acquired after 45.9s
[t= 354.75s] [GCS] GCS: imagery for H1 complete from UAV1 (2 hops)
[t= 354.82s] [OBSERVER] UAV1: imagery acked, resuming task
[t= 355.01s] [GCS] GCS: task UAV3 -> RELAY P5
[t= 355.01s] [GCS] GCS: task UAV4 -> RELAY P5
[t= 355.01s] [GCS] GCS: task UAV1 -> RELAY P5
[t= 355.01s] [GCS] GCS: task UAV2 -> SURVEY P5
[t= 360.00s] [OBSERVER] FAULT: UAV3 energy-availability fault 84% -> 32% (relaying for 3 UAV(s))
[t= 398.02s] [OBSERVER] UAV2: surveyed P5
[t= 409.86s] [GCS] GCS: imagery for P5 complete from UAV2 (4 hops)
[t= 410.30s] [GCS] GCS: task UAV3 -> RELAY P6
[t= 410.30s] [GCS] GCS: task UAV4 -> RELAY P6
[t= 410.30s] [GCS] GCS: task UAV1 -> RELAY P6
[t= 410.30s] [GCS] GCS: task UAV2 -> SURVEY P6
[t= 422.59s] [GCS] GCS: UAV3 relay energy margin 12.0% < 12% -> starting relay handover
[t= 422.59s] [GCS] GCS: UAV4 dispatched to relieve UAV3 (78% battery)
[t= 453.31s] [GCS] GCS: UAV4 on station, traffic verified -> UAV3 told to stop forwarding (verifying downstream)
[t= 459.46s] [GCS] GCS: UAV3 released home (verified: replacement on station, traffic both ways, 2 dependant(s) served, 5s hold; 27%, needs 17% incl. reserve)
[t= 459.46s] [GCS] GCS: task UAV3 -> HOME
[t= 465.86s] [GCS] GCS: UAV2 declared LOST (no heartbeat for 3s) -> replanning
[t= 502.21s] [OBSERVER] UAV3: landed with 25%, battery swap started
[t= 505.09s] [OBSERVER] UAV2: surveyed P6
[t= 505.15s] [OBSERVER] UAV2: carrying imagery back (data mule)
[t= 512.77s] [GCS] GCS: UAV2 link re-acquired after 49.9s
[t= 525.63s] [GCS] GCS: imagery for P6 complete from UAV2 (3 hops)
[t= 525.70s] [OBSERVER] UAV2: imagery acked, resuming task
[t= 526.27s] [GCS] GCS: task UAV4 -> RELAY P7
[t= 526.27s] [GCS] GCS: task UAV1 -> RELAY P7
[t= 526.27s] [GCS] GCS: task UAV2 -> SURVEY P7
[t= 548.80s] [GCS] GCS: UAV2 declared LOST (no heartbeat for 3s) -> replanning
[t= 562.24s] [OBSERVER] UAV3: battery swapped, ready
[t= 563.14s] [GCS] GCS: task UAV3 -> RELAY P7
[t= 563.46s] [OBSERVER] UAV3: launching for RELAY P7
[t= 593.47s] [OBSERVER] UAV2: surveyed P7
[t= 593.54s] [OBSERVER] UAV2: carrying imagery back (data mule)
[t= 618.05s] [GCS] GCS: UAV2 link re-acquired after 72.2s
[t= 634.56s] [GCS] GCS: imagery for P7 complete from UAV2 (3 hops)
[t= 634.69s] [OBSERVER] UAV2: imagery acked, resuming task
[t= 634.82s] [GCS] GCS: all 8 sites' imagery delivered at t=634.8s -> recalling fleet
[t= 634.82s] [GCS] GCS: task UAV1 -> HOME
[t= 634.82s] [GCS] GCS: task UAV2 -> HOME
[t= 634.82s] [GCS] GCS: task UAV3 -> HOME
[t= 634.82s] [GCS] GCS: task UAV4 -> HOME
[t= 634.82s] [GCS] GCS: task UAV5 -> HOME
[t= 681.92s] [OBSERVER] UAV4: landed with 65%, battery swap started
[t= 710.98s] [OBSERVER] UAV1: landed with 62%, battery swap started
[t= 713.41s] [OBSERVER] UAV3: landed with 92%, battery swap started
[t= 734.72s] [OBSERVER] UAV2: landed with 61%, battery swap started
[t= 734.72s] [OBSERVER] OBSERVER: surviving fleet landed (t=734.7s); imagery for every site at GCS since t=634.8s
[t= 736.19s] [GCS] GCS: every reachable UAV reports landed at t=736.2s; unaccounted: UAV5
[t= 736.19s] [OBSERVER] MISSION COMPLETE: imagery at GCS t=634.8s · fleet landed (observer) t=734.7s · GCS-confirmed t=736.2s
