[t=   1.09s] [GCS] GCS: task UAV3 -> HOME
[t=   1.09s] [GCS] GCS: task UAV5 -> HOME
[t=   1.09s] [GCS] GCS: task UAV2 -> RELAY P1
[t=   1.09s] [GCS] GCS: task UAV4 -> SURVEY P1
[t=   1.09s] [GCS] GCS: task UAV1 -> SURVEY P2
[t=   1.22s] [OBSERVER] UAV1: launching for SURVEY P2
[t=   1.34s] [OBSERVER] UAV2: launching for RELAY P1
[t=   1.54s] [OBSERVER] UAV4: launching for SURVEY P1
[t=  60.03s] [OBSERVER] UAV3: battery swapped, ready
[t=  60.03s] [OBSERVER] UAV5: battery swapped, ready
[t=  60.48s] [GCS] GCS: task UAV3 -> RELAY P2
[t=  60.93s] [OBSERVER] UAV3: launching for RELAY P2
[t=  61.50s] [GCS] GCS: task UAV5 -> SURVEY P3
[t=  61.63s] [OBSERVER] UAV5: launching for SURVEY P3
[t=  61.82s] [OBSERVER] UAV4: surveyed P1
[t=  66.37s] [GCS] GCS: imagery for P1 complete from UAV4 (1 hop)
[t=  66.62s] [GCS] GCS: task UAV4 -> RELAY P3
[t=  66.62s] [GCS] GCS: task UAV2 -> SURVEY P4
[t=  69.70s] [OBSERVER] UAV1: surveyed P2
[t=  77.06s] [GCS] GCS: imagery for P2 complete from UAV1 (2 hops)
[t=  77.89s] [GCS] GCS: task UAV5 -> RELAY P3
[t=  77.89s] [GCS] GCS: task UAV3 -> RELAY P3
[t=  77.89s] [GCS] GCS: task UAV4 -> SURVEY P3
[t=  77.89s] [GCS] GCS: task UAV2 -> RELAY P4
[t=  77.89s] [GCS] GCS: task UAV1 -> SURVEY P4
[t= 113.79s] [OBSERVER] UAV4: surveyed P3
[t= 123.14s] [GCS] GCS: imagery for P3 complete from UAV4 (2 hops)
[t= 123.97s] [GCS] GCS: task UAV5 -> RELAY P4
[t= 123.97s] [GCS] GCS: task UAV3 -> RELAY P4
[t= 123.97s] [GCS] GCS: task UAV4 -> SURVEY P4
[t= 123.97s] [GCS] GCS: task UAV1 -> SURVEY P5
[t= 157.76s] [GCS] GCS: UAV1 declared LOST (no heartbeat for 3s) -> replanning
[t= 174.85s] [OBSERVER] UAV1: surveyed P5
[t= 174.91s] [OBSERVER] UAV1: carrying imagery back (data mule)
[t= 190.14s] [GCS] GCS: UAV1 link re-acquired after 35.4s
[t= 193.73s] [OBSERVER] UAV4: surveyed P4
[t= 219.90s] [GCS] GCS: imagery for P5 complete from UAV1 (3 hops)
[t= 220.10s] [OBSERVER] UAV1: imagery acked, resuming task
[t= 220.22s] [GCS] GCS: task UAV1 -> SURVEY P6
[t= 221.12s] [GCS] GCS: imagery for P4 complete from UAV4 (4 hops)
[t= 221.25s] [GCS] GCS: task UAV5 -> RELAY P6
[t= 221.25s] [GCS] GCS: task UAV3 -> RELAY P6
[t= 221.25s] [GCS] GCS: task UAV1 -> RELAY P6
[t= 221.25s] [GCS] GCS: task UAV2 -> SURVEY P6
[t= 221.25s] [GCS] GCS: task UAV4 -> SURVEY P7
[t= 248.58s] [GCS] GCS: UAV4 declared LOST (no heartbeat for 3s) -> replanning
[t= 259.97s] [OBSERVER] UAV4: surveyed P7
[t= 260.03s] [OBSERVER] UAV4: carrying imagery back (data mule)
[t= 278.14s] [OBSERVER] UAV2: surveyed P6
[t= 286.66s] [GCS] GCS: UAV4 link re-acquired after 41.0s
[t= 305.92s] [GCS] GCS: imagery for P6 complete from UAV2 (4 hops)
[t= 305.92s] [GCS] GCS: task UAV5 -> RELAY P7
[t= 305.92s] [GCS] GCS: task UAV3 -> RELAY P7
[t= 305.92s] [GCS] GCS: task UAV4 -> RELAY P7
[t= 305.92s] [GCS] GCS: task UAV1 -> RELAY P7
[t= 305.92s] [GCS] GCS: task UAV2 -> SURVEY P7
[t= 315.84s] [GCS] GCS: imagery for P7 complete from UAV4 (3 hops)
[t= 315.97s] [OBSERVER] UAV4: imagery acked, resuming task
[t= 316.16s] [GCS] GCS: all 7 sites' imagery delivered at t=316.2s -> recalling fleet
[t= 316.16s] [GCS] GCS: task UAV1 -> HOME
[t= 316.16s] [GCS] GCS: task UAV2 -> HOME
[t= 316.16s] [GCS] GCS: task UAV3 -> HOME
[t= 316.16s] [GCS] GCS: task UAV4 -> HOME
[t= 316.16s] [GCS] GCS: task UAV5 -> HOME
[t= 359.23s] [OBSERVER] UAV5: landed with 85%, battery swap started
[t= 384.26s] [OBSERVER] UAV3: landed with 83%, battery swap started
[t= 403.65s] [OBSERVER] UAV4: landed with 78%, battery swap started
[t= 417.34s] [OBSERVER] UAV1: landed with 77%, battery swap started
[t= 419.26s] [OBSERVER] UAV5: battery swapped, ready
[t= 441.86s] [OBSERVER] UAV2: landed with 77%, battery swap started
[t= 441.86s] [OBSERVER] OBSERVER: surviving fleet landed (t=441.9s); imagery for every site at GCS since t=316.2s
[t= 443.14s] [GCS] GCS: every reachable UAV reports landed at t=443.1s
[t= 443.14s] [OBSERVER] MISSION COMPLETE: imagery at GCS t=316.2s · fleet landed (observer) t=441.9s · GCS-confirmed t=443.1s
