[t=   1.09s] [GCS] GCS: task UAV3 -> HOME
[t=   1.09s] [GCS] GCS: task UAV5 -> HOME
[t=   1.09s] [GCS] GCS: task UAV2 -> RELAY P1
[t=   1.09s] [GCS] GCS: task UAV4 -> SURVEY P1
[t=   1.09s] [GCS] GCS: task UAV1 -> SURVEY P2
[t=   1.22s] [OBSERVER] UAV1: launching for SURVEY P2
[t=   1.34s] [OBSERVER] UAV2: launching for RELAY P1
[t=   1.54s] [OBSERVER] UAV4: launching for SURVEY P1
[t=  60.03s] [OBSERVER] UAV3: battery swapped, ready
[t=  60.03s] [OBSERVER] UAV5: battery swapped, ready
[t=  60.48s] [GCS] GCS: task UAV3 -> RELAY P2
[t=  60.93s] [OBSERVER] UAV3: launching for RELAY P2
[t=  61.50s] [GCS] GCS: task UAV5 -> SURVEY P3
[t=  61.63s] [OBSERVER] UAV5: launching for SURVEY P3
[t=  61.82s] [OBSERVER] UAV4: surveyed P1
[t=  66.37s] [GCS] GCS: imagery for P1 complete from UAV4 (1 hop)
[t=  66.62s] [GCS] GCS: task UAV4 -> RELAY P3
[t=  66.62s] [GCS] GCS: task UAV2 -> SURVEY P4
[t=  69.70s] [OBSERVER] UAV1: surveyed P2
[t=  77.06s] [GCS] GCS: imagery for P2 complete from UAV1 (2 hops)
[t=  77.89s] [GCS] GCS: task UAV5 -> RELAY P3
[t=  77.89s] [GCS] GCS: task UAV3 -> RELAY P3
[t=  77.89s] [GCS] GCS: task UAV4 -> SURVEY P3
[t=  77.89s] [GCS] GCS: task UAV2 -> RELAY P4
[t=  77.89s] [GCS] GCS: task UAV1 -> SURVEY P4
[t= 113.79s] [OBSERVER] UAV4: surveyed P3
[t= 123.14s] [GCS] GCS: imagery for P3 complete from UAV4 (2 hops)
[t= 123.97s] [GCS] GCS: task UAV5 -> RELAY P4
[t= 123.97s] [GCS] GCS: task UAV3 -> RELAY P4
[t= 123.97s] [GCS] GCS: task UAV4 -> SURVEY P4
[t= 123.97s] [GCS] GCS: task UAV1 -> SURVEY P5
[t= 150.02s] [OBSERVER] UAV5: CRITICAL FAULT -> failsafe emergency landing, radio lost
[t= 150.02s] [OBSERVER] FAULT: UAV5 critical fault + radio loss (was relaying for 4 UAV(s))
[t= 152.51s] [GCS] GCS: UAV4 declared LOST (no heartbeat for 3s) -> replanning
[t= 152.58s] [GCS] GCS: UAV5 declared LOST (no heartbeat for 3s) -> replanning
[t= 152.58s] [GCS] GCS: task UAV1 -> RELAY P4
[t= 152.77s] [GCS] GCS: UAV1 declared LOST (no heartbeat for 3s) -> replanning
[t= 152.83s] [GCS] GCS: UAV2 declared LOST (no heartbeat for 3s) -> replanning
[t= 152.90s] [GCS] GCS: UAV3 declared LOST (no heartbeat for 3s) -> replanning
[t= 165.12s] [GCS] GCS: UAV3 link re-acquired after 15.2s
[t= 165.18s] [GCS] GCS: UAV2 link re-acquired after 15.3s
[t= 165.18s] [GCS] GCS: UAV4 link re-acquired after 15.7s
[t= 165.31s] [GCS] GCS: UAV1 link re-acquired after 15.5s
[t= 166.21s] [GCS] GCS: task UAV4 -> RELAY P4
[t= 166.21s] [GCS] GCS: task UAV1 -> SURVEY P4
[t= 186.69s] [OBSERVER] UAV5: emergency landing complete, powered down
[t= 212.42s] [OBSERVER] UAV1: surveyed P4
[t= 220.03s] [GCS] GCS: new HIGH-PRIORITY PoI H1 reported at (-600, 850)
[t= 220.48s] [GCS] GCS: task UAV3 -> RELAY H1
[t= 220.48s] [GCS] GCS: task UAV4 -> RELAY H1
[t= 220.48s] [GCS] GCS: task UAV2 -> RELAY H1
[t= 220.48s] [GCS] GCS: task UAV1 -> SURVEY H1
[t= 223.68s] [GCS] GCS: imagery for P4 complete from UAV1 (4 hops)
[t= 300.03s] [OBSERVER] FAULT: UAV1 radio outage for 45s
[t= 302.53s] [OBSERVER] UAV1: surveyed H1
[t= 302.78s] [GCS] GCS: UAV1 declared LOST (no heartbeat for 3s) -> replanning
[t= 302.85s] [OBSERVER] UAV1: carrying imagery back (data mule)
[t= 345.09s] [OBSERVER] UAV1 radio restored
[t= 345.66s] [GCS] GCS: UAV1 link re-acquired after 45.9s
[t= 355.97s] [GCS] GCS: imagery for H1 complete from UAV1 (3 hops)
[t= 356.03s] [GCS] GCS: task UAV3 -> RELAY P5
[t= 356.03s] [GCS] GCS: task UAV4 -> RELAY P5
[t= 356.03s] [GCS] GCS: task UAV1 -> RELAY P5
[t= 356.03s] [GCS] GCS: task UAV2 -> SURVEY P5
[t= 360.00s] [OBSERVER] FAULT: UAV3 energy-availability fault 84% -> 32% (relaying for 3 UAV(s))
[t= 399.04s] [OBSERVER] UAV2: surveyed P5
[t= 411.01s] [GCS] GCS: imagery for P5 complete from UAV2 (4 hops)
[t= 411.33s] [GCS] GCS: task UAV3 -> RELAY P6
[t= 411.33s] [GCS] GCS: task UAV4 -> RELAY P6
[t= 411.33s] [GCS] GCS: task UAV1 -> RELAY P6
[t= 411.33s] [GCS] GCS: task UAV2 -> SURVEY P6
[t= 422.59s] [GCS] GCS: UAV3 relay energy margin 12.0% < 12% -> starting relay handover
[t= 422.59s] [GCS] GCS: UAV4 dispatched to relieve UAV3 (78% battery)
[t= 454.34s] [GCS] GCS: UAV4 on station, traffic verified -> UAV3 told to stop forwarding (verifying downstream)
[t= 460.48s] [GCS] GCS: UAV3 released home (verified: replacement on station, traffic both ways, 2 dependant(s) served, 5s hold; 27%, needs 17% incl. reserve)
[t= 460.48s] [GCS] GCS: task UAV3 -> HOME
[t= 466.37s] [GCS] GCS: UAV2 declared LOST (no heartbeat for 3s) -> replanning
[t= 503.17s] [OBSERVER] UAV3: landed with 25%, battery swap started
[t= 506.05s] [OBSERVER] UAV2: surveyed P6
[t= 506.11s] [OBSERVER] UAV2: carrying imagery back (data mule)
[t= 513.73s] [GCS] GCS: UAV2 link re-acquired after 50.4s
[t= 517.31s] [GCS] GCS: UAV2 declared LOST (no heartbeat for 3s) -> replanning
[t= 517.31s] [OBSERVER] UAV2: carrying imagery back (data mule)
[t= 520.26s] [GCS] GCS: UAV2 link re-acquired after 6.0s
[t= 523.20s] [OBSERVER] UAV2: carrying imagery back (data mule)
[t= 523.26s] [GCS] GCS: UAV2 declared LOST (no heartbeat for 3s) -> replanning
[t= 526.27s] [GCS] GCS: UAV2 link re-acquired after 6.0s
[t= 529.79s] [OBSERVER] UAV2: carrying imagery back (data mule)
[t= 529.92s] [GCS] GCS: UAV2 declared LOST (no heartbeat for 3s) -> replanning
[t= 532.80s] [GCS] GCS: UAV2 link re-acquired after 5.9s
[t= 535.74s] [OBSERVER] UAV2: carrying imagery back (data mule)
[t= 535.87s] [GCS] GCS: UAV2 declared LOST (no heartbeat for 3s) -> replanning
[t= 538.82s] [GCS] GCS: UAV2 link re-acquired after 5.9s
[t= 541.89s] [OBSERVER] UAV2: carrying imagery back (data mule)
[t= 541.95s] [GCS] GCS: UAV2 declared LOST (no heartbeat for 3s) -> replanning
[t= 544.96s] [GCS] GCS: UAV2 link re-acquired after 6.0s
[t= 548.03s] [OBSERVER] UAV2: carrying imagery back (data mule)
[t= 548.16s] [GCS] GCS: UAV2 declared LOST (no heartbeat for 3s) -> replanning
[t= 551.10s] [GCS] GCS: UAV2 link re-acquired after 6.0s
[t= 554.11s] [OBSERVER] UAV2: carrying imagery back (data mule)
[t= 554.43s] [GCS] GCS: UAV2 declared LOST (no heartbeat for 3s) -> replanning
[t= 557.12s] [GCS] GCS: UAV2 link re-acquired after 5.7s
[t= 560.06s] [OBSERVER] UAV2: carrying imagery back (data mule)
[t= 560.38s] [GCS] GCS: UAV2 declared LOST (no heartbeat for 3s) -> replanning
[t= 563.01s] [GCS] GCS: UAV2 link re-acquired after 5.6s
[t= 563.20s] [OBSERVER] UAV3: battery swapped, ready
[t= 563.46s] [GCS] GCS: task UAV3 -> RELAY P6
[t= 563.97s] [OBSERVER] UAV3: launching for RELAY P6
[t= 566.02s] [GCS] GCS: UAV2 declared LOST (no heartbeat for 3s) -> replanning
[t= 566.08s] [OBSERVER] UAV2: carrying imagery back (data mule)
[t= 566.53s] [GCS] GCS: UAV2 link re-acquired after 3.5s
[t= 575.81s] [GCS] GCS: UAV2 declared LOST (no heartbeat for 3s) -> replanning
[t= 576.32s] [GCS] GCS: UAV1 declared LOST (no heartbeat for 3s) -> replanning
[t= 576.32s] [GCS] GCS: UAV4 declared LOST (no heartbeat for 3s) -> replanning
[t= 576.38s] [OBSERVER] UAV2: carrying imagery back (data mule)
[t= 579.33s] [GCS] GCS: UAV4 link re-acquired after 6.0s
[t= 579.52s] [GCS] GCS: UAV1 link re-acquired after 6.2s
[t= 579.71s] [GCS] GCS: UAV2 link re-acquired after 6.9s
[t= 600.00s] [GCS] GCS: imagery for P6 complete from UAV2 (4 hops)
[t= 600.90s] [GCS] GCS: task UAV3 -> RELAY P7
[t= 600.90s] [GCS] GCS: task UAV4 -> RELAY P7
[t= 600.90s] [GCS] GCS: task UAV1 -> RELAY P7
[t= 600.90s] [GCS] GCS: task UAV2 -> SURVEY P7
[t= 661.50s] [OBSERVER] UAV2: surveyed P7
[t= 674.05s] [GCS] GCS: imagery for P7 complete from UAV2 (4 hops)
[t= 674.62s] [GCS] GCS: all 8 sites' imagery delivered at t=674.6s -> recalling fleet
[t= 674.62s] [GCS] GCS: task UAV1 -> HOME
[t= 674.62s] [GCS] GCS: task UAV2 -> HOME
[t= 674.62s] [GCS] GCS: task UAV3 -> HOME
[t= 674.62s] [GCS] GCS: task UAV4 -> HOME
[t= 674.62s] [GCS] GCS: task UAV5 -> HOME
[t= 720.45s] [OBSERVER] UAV3: landed with 92%, battery swap started
[t= 753.92s] [OBSERVER] UAV4: landed with 61%, battery swap started
[t= 780.48s] [OBSERVER] UAV3: battery swapped, ready
[t= 781.63s] [OBSERVER] UAV1: landed with 58%, battery swap started
[t= 813.95s] [OBSERVER] UAV4: battery swapped, ready
[t= 815.49s] [OBSERVER] UAV2: landed with 56%, battery swap started
[t= 815.49s] [OBSERVER] OBSERVER: surviving fleet landed (t=815.5s); imagery for every site at GCS since t=674.6s
[t= 815.94s] [GCS] GCS: every reachable UAV reports landed at t=815.9s; unaccounted: UAV5
[t= 815.94s] [OBSERVER] MISSION COMPLETE: imagery at GCS t=674.6s · fleet landed (observer) t=815.5s · GCS-confirmed t=815.9s
